// Jest Snapshot v1, https://goo.gl/fbAQLP

exports[`ConnectGA4CTATileWidget should render the Connect GA4 CTA tile 1`] = `
<div>
  <div
    class="googlesitekit-widget googlesitekit-widget--keyMetricsConnectGA4CTATile"
  >
    <div
      class="googlesitekit-widget__body"
    >
      <div
        class="googlesitekit-widget--connectModuleCTATile"
      >
        <div
          class="googlesitekit-km-connect-module-cta-tile"
        >
          <div
            class="googlesitekit-km-connect-module-cta-tile__content"
          >
            <p
              class="googlesitekit-km-connect-module-cta-tile__text"
            >
              Analytics is disconnected, some of your metrics canâ€™t be displayed
            </p>
            <a
              class="googlesitekit-cta-link"
              href="#"
            >
              Connect Analytics
            </a>
          </div>
        </div>
      </div>
    </div>
  </div>
</div>
`;
