// Jest Snapshot v1, https://goo.gl/fbAQLP

exports[`InternalServerError should display the notification when the internal server error is set 1`] = `
<div>
  <section
    class="googlesitekit-publisher-win googlesitekit-publisher-win--small googlesitekit-publisher-win--win-error googlesitekit-publisher-win--is-open"
    id="module-setup-error"
  >
    <div
      class="mdc-layout-grid"
    >
      <div
        class="mdc-layout-grid__inner"
      >
        <div
          class="mdc-layout-grid__cell mdc-layout-grid__cell--span-11-desktop mdc-layout-grid__cell--span-7-tablet mdc-layout-grid__cell--span-3-phone"
        >
          <h3
            class="googlesitekit-heading-2 googlesitekit-publisher-win__title"
          >
            Internal Server Error
          </h3>
          <div
            class="googlesitekit-publisher-win__desc"
          >
            <p>
              <span>
                Test error message
              </span>
            </p>
          </div>
        </div>
        <div
          class=" mdc-layout-grid__cell mdc-layout-grid__cell--span-1 "
        >
          <div
            class="googlesitekit-publisher-win__icons"
          >
            <svg
              aria-labelledby="error-title error-desc"
              fill="#EA4336"
              height="34"
              viewBox="0 0 24 24"
              width="34"
              xmlns="http://www.w3.org/2000/svg"
            >
              <path
                d="M4.47 21h15.06c1.54 0 2.5-1.67 1.73-3L13.73 4.99c-.77-1.33-2.69-1.33-3.46 0L2.74 18c-.77 1.33.19 3 1.73 3zM12 14c-.55 0-1-.45-1-1v-2c0-.55.45-1 1-1s1 .45 1 1v2c0 .55-.45 1-1 1zm1 4h-2v-2h2v2z"
              />
            </svg>
          </div>
        </div>
      </div>
    </div>
  </section>
</div>
`;

exports[`InternalServerError should render nothing if the internal server error is not set 1`] = `<div />`;
